mode: set
data-processing-pipeline/internal/aggregation/aggregator.go:11.129,19.6 3 1
data-processing-pipeline/internal/aggregation/aggregator.go:19.6,20.10 1 1
data-processing-pipeline/internal/aggregation/aggregator.go:21.21,22.10 1 0
data-processing-pipeline/internal/aggregation/aggregator.go:23.26,24.11 1 1
data-processing-pipeline/internal/aggregation/aggregator.go:24.11,28.5 2 1
data-processing-pipeline/internal/aggregation/aggregator.go:29.4,29.45 1 1
data-processing-pipeline/internal/aggregation/aggregator.go:34.143,35.29 1 1
data-processing-pipeline/internal/aggregation/aggregator.go:35.29,38.34 2 1
data-processing-pipeline/internal/aggregation/aggregator.go:38.34,39.40 1 1
data-processing-pipeline/internal/aggregation/aggregator.go:39.40,41.5 1 1
data-processing-pipeline/internal/aggregation/aggregator.go:41.10,43.5 1 0
data-processing-pipeline/internal/aggregation/aggregator.go:45.3,46.21 2 1
data-processing-pipeline/internal/aggregation/aggregator.go:46.21,48.4 1 0
data-processing-pipeline/internal/aggregation/aggregator.go:50.3,50.36 1 1
data-processing-pipeline/internal/aggregation/aggregator.go:50.36,53.4 2 1
data-processing-pipeline/internal/aggregation/aggregator.go:56.3,57.27 2 1
data-processing-pipeline/internal/aggregation/aggregator.go:57.27,58.47 1 1
data-processing-pipeline/internal/aggregation/aggregator.go:58.47,59.27 1 1
data-processing-pipeline/internal/aggregation/aggregator.go:60.18,61.14 1 1
data-processing-pipeline/internal/aggregation/aggregator.go:62.14,63.23 1 0
data-processing-pipeline/internal/aggregation/aggregator.go:64.17,66.32 1 0
data-processing-pipeline/internal/aggregation/aggregator.go:71.3,72.20 2 1
data-processing-pipeline/internal/aggregation/aggregator.go:73.16,74.26 1 1
data-processing-pipeline/internal/aggregation/aggregator.go:75.14,76.31 1 1
data-processing-pipeline/internal/aggregation/aggregator.go:77.14,79.27 2 1
data-processing-pipeline/internal/aggregation/aggregator.go:80.14,81.64 1 0
data-processing-pipeline/internal/aggregation/aggregator.go:81.64,83.5 1 0
data-processing-pipeline/internal/aggregation/aggregator.go:84.4,84.27 1 0
data-processing-pipeline/internal/aggregation/aggregator.go:85.14,86.64 1 0
data-processing-pipeline/internal/aggregation/aggregator.go:86.64,88.5 1 0
data-processing-pipeline/internal/aggregation/aggregator.go:89.4,89.27 1 0
data-processing-pipeline/internal/aggregation/aggregator.go:94.154,95.39 1 1
data-processing-pipeline/internal/aggregation/aggregator.go:95.39,99.33 3 1
data-processing-pipeline/internal/aggregation/aggregator.go:99.33,100.38 1 1
data-processing-pipeline/internal/aggregation/aggregator.go:100.38,102.14 2 1
data-processing-pipeline/internal/aggregation/aggregator.go:102.14,104.6 1 1
data-processing-pipeline/internal/aggregation/aggregator.go:104.11,106.6 1 0
data-processing-pipeline/internal/aggregation/aggregator.go:107.10,109.5 1 1
data-processing-pipeline/internal/aggregation/aggregator.go:111.3,111.43 1 1
data-processing-pipeline/cmd/server/main.go:15.13,17.16 2 0
data-processing-pipeline/cmd/server/main.go:17.16,19.3 1 0
data-processing-pipeline/cmd/server/main.go:21.2,22.18 2 0
data-processing-pipeline/cmd/server/main.go:22.18,24.3 1 0
data-processing-pipeline/cmd/server/main.go:26.2,27.16 2 0
data-processing-pipeline/cmd/server/main.go:27.16,29.3 1 0
data-processing-pipeline/cmd/server/main.go:30.2,38.58 7 0
data-processing-pipeline/cmd/server/main.go:38.58,40.3 1 0
data-processing-pipeline/internal/api/services/job_service.go:32.94,37.2 1 1
data-processing-pipeline/internal/api/services/job_service.go:39.95,49.51 3 1
data-processing-pipeline/internal/api/services/job_service.go:49.51,51.3 1 0
data-processing-pipeline/internal/api/services/job_service.go:54.2,56.17 2 1
data-processing-pipeline/internal/api/services/job_service.go:59.75,61.16 2 1
data-processing-pipeline/internal/api/services/job_service.go:61.16,63.3 1 0
data-processing-pipeline/internal/api/services/job_service.go:64.2,64.17 1 1
data-processing-pipeline/internal/api/services/job_service.go:64.17,66.3 1 0
data-processing-pipeline/internal/api/services/job_service.go:67.2,67.18 1 1
data-processing-pipeline/internal/api/services/job_service.go:70.82,72.16 2 1
data-processing-pipeline/internal/api/services/job_service.go:72.16,74.3 1 0
data-processing-pipeline/internal/api/services/job_service.go:75.2,75.16 1 1
data-processing-pipeline/internal/api/services/job_service.go:75.16,77.3 1 1
data-processing-pipeline/internal/api/services/job_service.go:78.2,78.17 1 1
data-processing-pipeline/internal/api/services/job_service.go:81.95,83.16 2 1
data-processing-pipeline/internal/api/services/job_service.go:83.16,85.3 1 0
data-processing-pipeline/internal/api/services/job_service.go:86.2,86.21 1 1
data-processing-pipeline/internal/api/services/job_service.go:86.21,88.3 1 1
data-processing-pipeline/internal/api/services/job_service.go:89.2,89.22 1 1
data-processing-pipeline/internal/api/services/job_service.go:92.99,94.16 2 1
data-processing-pipeline/internal/api/services/job_service.go:94.16,96.3 1 0
data-processing-pipeline/internal/api/services/job_service.go:97.2,97.23 1 1
data-processing-pipeline/internal/api/services/job_service.go:97.23,99.3 1 1
data-processing-pipeline/internal/api/services/job_service.go:100.2,100.24 1 1
data-processing-pipeline/internal/api/services/job_service.go:103.70,105.2 1 1
data-processing-pipeline/internal/api/services/job_service.go:107.70,109.2 1 1
data-processing-pipeline/internal/api/services/job_service.go:111.33,114.19 3 1
data-processing-pipeline/internal/api/services/job_service.go:114.19,116.3 1 1
data-processing-pipeline/internal/api/services/job_service.go:117.2,117.18 1 1
data-processing-pipeline/internal/api/routes/middleware.go:9.56,10.71 1 1
data-processing-pipeline/internal/api/routes/middleware.go:10.71,14.3 3 1
data-processing-pipeline/internal/api/routes/router.go:9.68,24.2 11 1
data-processing-pipeline/internal/api/controllers/job_controller.go:15.67,19.2 1 1
data-processing-pipeline/internal/api/controllers/job_controller.go:21.72,23.2 1 1
data-processing-pipeline/internal/api/controllers/job_controller.go:25.75,27.62 2 1
data-processing-pipeline/internal/api/controllers/job_controller.go:27.62,30.3 2 1
data-processing-pipeline/internal/api/controllers/job_controller.go:32.2,33.16 2 1
data-processing-pipeline/internal/api/controllers/job_controller.go:33.16,36.3 2 1
data-processing-pipeline/internal/api/controllers/job_controller.go:38.2,38.40 1 1
data-processing-pipeline/internal/api/controllers/job_controller.go:41.74,43.16 2 1
data-processing-pipeline/internal/api/controllers/job_controller.go:43.16,46.3 2 1
data-processing-pipeline/internal/api/controllers/job_controller.go:47.2,47.35 1 1
data-processing-pipeline/internal/api/controllers/job_controller.go:50.72,53.16 3 1
data-processing-pipeline/internal/api/controllers/job_controller.go:53.16,54.37 1 1
data-processing-pipeline/internal/api/controllers/job_controller.go:54.37,56.4 1 1
data-processing-pipeline/internal/api/controllers/job_controller.go:56.9,58.4 1 1
data-processing-pipeline/internal/api/controllers/job_controller.go:59.3,59.9 1 1
data-processing-pipeline/internal/api/controllers/job_controller.go:61.2,61.34 1 1
data-processing-pipeline/internal/api/controllers/job_controller.go:64.80,67.16 3 1
data-processing-pipeline/internal/api/controllers/job_controller.go:67.16,68.42 1 1
data-processing-pipeline/internal/api/controllers/job_controller.go:68.42,70.4 1 1
data-processing-pipeline/internal/api/controllers/job_controller.go:70.9,72.4 1 0
data-processing-pipeline/internal/api/controllers/job_controller.go:73.3,73.9 1 1
data-processing-pipeline/internal/api/controllers/job_controller.go:75.2,75.39 1 1
data-processing-pipeline/internal/api/controllers/job_controller.go:78.78,81.16 3 1
data-processing-pipeline/internal/api/controllers/job_controller.go:81.16,84.3 2 1
data-processing-pipeline/internal/api/controllers/job_controller.go:85.2,85.41 1 1
data-processing-pipeline/internal/api/controllers/job_controller.go:88.75,91.16 3 1
data-processing-pipeline/internal/api/controllers/job_controller.go:91.16,94.3 2 1
data-processing-pipeline/internal/api/controllers/job_controller.go:95.2,95.80 1 1
data-processing-pipeline/internal/api/controllers/job_controller.go:98.75,101.16 3 1
data-processing-pipeline/internal/api/controllers/job_controller.go:101.16,104.3 2 1
data-processing-pipeline/internal/api/controllers/job_controller.go:105.2,105.69 1 1
data-processing-pipeline/internal/api/controllers/job_controller.go:108.79,110.2 1 1
data-processing-pipeline/internal/api/controllers/job_controller.go:112.64,116.2 3 1
data-processing-pipeline/internal/export/csv.go:11.80,15.33 3 0
data-processing-pipeline/internal/export/csv.go:15.33,16.10 1 0
data-processing-pipeline/internal/export/csv.go:17.21,18.20 1 0
data-processing-pipeline/internal/export/csv.go:19.11,20.54 1 0
data-processing-pipeline/internal/export/csv.go:20.54,22.5 1 0
data-processing-pipeline/internal/export/csv.go:25.2,25.23 1 0
data-processing-pipeline/internal/export/export.go:14.156,23.30 4 0
data-processing-pipeline/internal/export/export.go:23.30,24.42 1 0
data-processing-pipeline/internal/export/export.go:24.42,26.18 2 0
data-processing-pipeline/internal/export/export.go:26.18,28.13 2 0
data-processing-pipeline/internal/export/export.go:30.4,31.53 2 0
data-processing-pipeline/internal/export/export.go:32.9,32.50 1 0
data-processing-pipeline/internal/export/export.go:32.50,34.18 2 0
data-processing-pipeline/internal/export/export.go:34.18,36.13 2 0
data-processing-pipeline/internal/export/export.go:38.4,41.24 3 0
data-processing-pipeline/internal/export/export.go:42.9,42.66 1 0
data-processing-pipeline/internal/export/export.go:42.67,46.4 0 0
data-processing-pipeline/internal/export/export.go:49.2,49.15 1 0
data-processing-pipeline/internal/export/export.go:49.15,50.32 1 0
data-processing-pipeline/internal/export/export.go:50.32,52.4 1 0
data-processing-pipeline/internal/export/export.go:53.3,53.31 1 0
data-processing-pipeline/internal/export/export.go:53.31,54.26 1 0
data-processing-pipeline/internal/export/export.go:54.27,59.5 0 0
data-processing-pipeline/internal/export/export.go:61.3,61.27 1 0
data-processing-pipeline/internal/export/export.go:61.27,63.4 1 0
data-processing-pipeline/internal/export/export.go:66.2,69.6 3 0
data-processing-pipeline/internal/export/export.go:69.6,70.10 1 0
data-processing-pipeline/internal/export/export.go:71.21,72.10 1 0
data-processing-pipeline/internal/export/export.go:73.26,74.11 1 0
data-processing-pipeline/internal/export/export.go:74.11,76.5 1 0
data-processing-pipeline/internal/export/export.go:79.4,79.13 1 0
data-processing-pipeline/internal/export/export.go:79.13,80.35 1 0
data-processing-pipeline/internal/export/export.go:80.35,82.6 1 0
data-processing-pipeline/internal/export/export.go:83.5,83.34 1 0
data-processing-pipeline/internal/export/export.go:83.34,85.6 1 0
data-processing-pipeline/internal/export/export.go:88.5,88.33 1 0
data-processing-pipeline/internal/export/export.go:88.33,89.62 1 0
data-processing-pipeline/internal/export/export.go:89.62,91.33 2 0
data-processing-pipeline/internal/export/export.go:91.33,93.30 2 0
data-processing-pipeline/internal/export/export.go:93.30,95.9 1 0
data-processing-pipeline/internal/export/export.go:97.7,99.21 3 0
data-processing-pipeline/internal/export/export.go:99.21,101.8 1 0
data-processing-pipeline/internal/export/export.go:104.5,104.18 1 0
data-processing-pipeline/internal/export/export.go:108.4,109.30 2 0
data-processing-pipeline/internal/export/export.go:109.30,111.5 1 0
data-processing-pipeline/internal/export/export.go:112.4,112.33 1 0
data-processing-pipeline/internal/export/export.go:112.33,114.5 1 0
data-processing-pipeline/internal/export/export.go:117.4,117.37 1 0
data-processing-pipeline/internal/export/export.go:117.37,119.5 1 0
data-processing-pipeline/internal/export/export.go:122.4,122.32 1 0
data-processing-pipeline/internal/export/export.go:122.32,123.61 1 0
data-processing-pipeline/internal/export/export.go:123.61,126.32 3 0
data-processing-pipeline/internal/export/export.go:126.32,128.29 2 0
data-processing-pipeline/internal/export/export.go:128.29,130.8 1 0
data-processing-pipeline/internal/export/export.go:131.7,131.64 1 0
data-processing-pipeline/internal/export/export.go:133.6,135.20 3 0
data-processing-pipeline/internal/export/export.go:135.20,137.7 1 0
data-processing-pipeline/internal/export/export.go:144.75,150.2 1 0
data-processing-pipeline/internal/export/json.go:11.81,12.9 1 0
data-processing-pipeline/internal/export/json.go:13.20,14.19 1 0
data-processing-pipeline/internal/export/json.go:15.10,16.44 1 0
data-processing-pipeline/internal/export/sqlite.go:13.53,15.2 1 0
data-processing-pipeline/internal/export/sqlite.go:17.85,18.9 1 0
data-processing-pipeline/internal/export/sqlite.go:19.20,20.19 1 0
data-processing-pipeline/internal/export/sqlite.go:21.10,22.13 1 0
data-processing-pipeline/internal/pipeline/metrics.go:10.50,11.51 1 0
data-processing-pipeline/internal/pipeline/metrics.go:11.51,13.3 1 0
data-processing-pipeline/internal/pipeline/metrics.go:14.2,14.38 1 0
data-processing-pipeline/internal/pipeline/pipeline.go:23.69,28.2 1 0
data-processing-pipeline/internal/pipeline/pipeline.go:30.48,37.15 5 0
data-processing-pipeline/internal/pipeline/pipeline.go:37.15,41.3 3 0
data-processing-pipeline/internal/pipeline/pipeline.go:43.2,44.16 2 0
data-processing-pipeline/internal/pipeline/pipeline.go:44.16,46.3 1 0
data-processing-pipeline/internal/pipeline/pipeline.go:49.2,54.16 5 0
data-processing-pipeline/internal/pipeline/pipeline.go:54.16,55.36 1 0
data-processing-pipeline/internal/pipeline/pipeline.go:55.36,57.4 1 0
data-processing-pipeline/internal/pipeline/pipeline.go:57.9,60.4 2 0
data-processing-pipeline/internal/pipeline/pipeline.go:63.2,63.70 1 0
data-processing-pipeline/internal/pipeline/pipeline.go:66.54,70.43 3 0
data-processing-pipeline/internal/pipeline/pipeline.go:70.43,73.3 2 0
data-processing-pipeline/internal/pipeline/pipeline.go:74.2,74.33 1 0
data-processing-pipeline/internal/pipeline/pipeline.go:82.78,87.2 1 0
data-processing-pipeline/internal/pipeline/pipeline.go:89.51,104.12 10 0
data-processing-pipeline/internal/pipeline/pipeline.go:104.12,106.32 2 0
data-processing-pipeline/internal/pipeline/pipeline.go:106.32,107.34 1 0
data-processing-pipeline/internal/pipeline/pipeline.go:107.34,109.5 1 0
data-processing-pipeline/internal/pipeline/pipeline.go:110.4,113.19 3 0
data-processing-pipeline/internal/pipeline/pipeline.go:113.19,116.5 2 0
data-processing-pipeline/internal/pipeline/pipeline.go:121.2,122.12 2 0
data-processing-pipeline/internal/pipeline/pipeline.go:122.12,126.7 4 0
data-processing-pipeline/internal/pipeline/pipeline.go:126.7,127.11 1 0
data-processing-pipeline/internal/pipeline/pipeline.go:128.22,129.11 1 0
data-processing-pipeline/internal/pipeline/pipeline.go:130.20,132.20 2 0
data-processing-pipeline/internal/pipeline/pipeline.go:132.20,134.21 2 0
data-processing-pipeline/internal/pipeline/pipeline.go:134.21,136.7 1 0
data-processing-pipeline/internal/pipeline/pipeline.go:137.6,137.55 1 0
data-processing-pipeline/internal/pipeline/pipeline.go:144.2,144.12 1 0
data-processing-pipeline/internal/pipeline/pipeline.go:144.12,146.3 1 0
data-processing-pipeline/internal/pipeline/pipeline.go:149.2,150.22 2 0
data-processing-pipeline/internal/pipeline/pipeline.go:150.22,152.3 1 0
data-processing-pipeline/internal/pipeline/pipeline.go:154.2,155.35 2 0
data-processing-pipeline/internal/pipeline/pipeline.go:155.35,157.13 2 0
data-processing-pipeline/internal/pipeline/pipeline.go:157.13,160.4 2 0
data-processing-pipeline/internal/pipeline/pipeline.go:162.2,162.12 1 0
data-processing-pipeline/internal/pipeline/pipeline.go:162.12,165.3 2 0
data-processing-pipeline/internal/pipeline/pipeline.go:168.2,169.35 2 0
data-processing-pipeline/internal/pipeline/pipeline.go:169.35,171.13 2 0
data-processing-pipeline/internal/pipeline/pipeline.go:171.13,174.4 2 0
data-processing-pipeline/internal/pipeline/pipeline.go:176.2,176.12 1 0
data-processing-pipeline/internal/pipeline/pipeline.go:176.12,179.3 2 0
data-processing-pipeline/internal/pipeline/pipeline.go:182.2,182.12 1 0
data-processing-pipeline/internal/pipeline/pipeline.go:182.12,183.39 1 0
data-processing-pipeline/internal/pipeline/pipeline.go:183.39,185.4 1 0
data-processing-pipeline/internal/pipeline/pipeline.go:185.9,187.35 1 0
data-processing-pipeline/internal/pipeline/pipeline.go:187.35,189.5 1 0
data-processing-pipeline/internal/pipeline/pipeline.go:191.3,191.18 1 0
data-processing-pipeline/internal/pipeline/pipeline.go:196.2,197.12 2 0
data-processing-pipeline/internal/pipeline/pipeline.go:197.12,200.13 2 0
data-processing-pipeline/internal/pipeline/pipeline.go:200.13,201.30 1 0
data-processing-pipeline/internal/pipeline/pipeline.go:201.30,203.20 2 0
data-processing-pipeline/internal/pipeline/pipeline.go:203.20,206.6 2 0
data-processing-pipeline/internal/pipeline/pipeline.go:207.5,207.20 1 0
data-processing-pipeline/internal/pipeline/pipeline.go:209.4,209.19 1 0
data-processing-pipeline/internal/pipeline/pipeline.go:213.3,214.20 2 0
data-processing-pipeline/internal/pipeline/pipeline.go:217.2,225.17 6 0
data-processing-pipeline/internal/pipeline/pipeline.go:225.17,230.3 4 0
data-processing-pipeline/internal/pipeline/pipeline.go:232.2,232.12 1 0
data-processing-pipeline/internal/pipeline/progress.go:8.37,9.18 1 0
data-processing-pipeline/internal/pipeline/progress.go:9.18,11.3 1 0
data-processing-pipeline/internal/pipeline/progress.go:12.2,12.54 1 0
data-processing-pipeline/internal/pipeline/worker_pool.go:9.45,10.18 1 0
data-processing-pipeline/internal/pipeline/worker_pool.go:10.18,12.3 1 0
data-processing-pipeline/internal/pipeline/worker_pool.go:13.2,13.38 1 0
data-processing-pipeline/internal/pipeline/worker_pool.go:16.42,20.22 3 0
data-processing-pipeline/internal/pipeline/worker_pool.go:20.22,22.13 2 0
data-processing-pipeline/internal/pipeline/worker_pool.go:22.13,24.27 2 0
data-processing-pipeline/internal/pipeline/worker_pool.go:24.27,26.5 1 0
data-processing-pipeline/internal/pipeline/worker_pool.go:30.2,30.29 1 0
data-processing-pipeline/internal/pipeline/worker_pool.go:30.29,32.3 1 0
data-processing-pipeline/internal/pipeline/worker_pool.go:33.2,34.11 2 0
data-processing-pipeline/internal/ingestion/api.go:14.51,15.19 1 0
data-processing-pipeline/internal/ingestion/api.go:15.19,17.3 1 0
data-processing-pipeline/internal/ingestion/api.go:18.2,18.35 1 0
data-processing-pipeline/internal/ingestion/api.go:21.90,23.16 2 0
data-processing-pipeline/internal/ingestion/api.go:23.16,25.3 1 0
data-processing-pipeline/internal/ingestion/api.go:27.2,28.16 2 0
data-processing-pipeline/internal/ingestion/api.go:28.16,30.3 1 0
data-processing-pipeline/internal/ingestion/api.go:31.2,33.33 2 0
data-processing-pipeline/internal/ingestion/csv.go:11.73,14.16 3 0
data-processing-pipeline/internal/ingestion/csv.go:14.16,16.3 1 0
data-processing-pipeline/internal/ingestion/csv.go:18.2,19.27 2 0
data-processing-pipeline/internal/ingestion/csv.go:19.27,20.10 1 0
data-processing-pipeline/internal/ingestion/csv.go:21.21,22.25 1 0
data-processing-pipeline/internal/ingestion/csv.go:23.11,24.57 1 0
data-processing-pipeline/internal/ingestion/csv.go:27.2,27.21 1 0
data-processing-pipeline/internal/ingestion/ingestion.go:16.148,19.30 2 0
data-processing-pipeline/internal/ingestion/ingestion.go:19.30,21.39 2 0
data-processing-pipeline/internal/ingestion/ingestion.go:21.39,24.23 2 0
data-processing-pipeline/internal/ingestion/ingestion.go:25.15,26.49 1 0
data-processing-pipeline/internal/ingestion/ingestion.go:27.16,28.50 1 0
data-processing-pipeline/internal/ingestion/ingestion.go:29.15,30.49 1 0
data-processing-pipeline/internal/ingestion/ingestion.go:31.12,32.96 1 0
data-processing-pipeline/internal/ingestion/ingestion.go:37.2,38.14 2 0
data-processing-pipeline/internal/ingestion/ingestion.go:41.143,45.22 3 0
data-processing-pipeline/internal/ingestion/ingestion.go:45.22,48.20 3 0
data-processing-pipeline/internal/ingestion/ingestion.go:48.20,51.4 2 0
data-processing-pipeline/internal/ingestion/ingestion.go:52.3,52.21 1 0
data-processing-pipeline/internal/ingestion/ingestion.go:53.8,53.30 1 0
data-processing-pipeline/internal/ingestion/ingestion.go:53.30,55.17 2 0
data-processing-pipeline/internal/ingestion/ingestion.go:55.17,58.4 2 0
data-processing-pipeline/internal/ingestion/ingestion.go:59.8,62.3 2 0
data-processing-pipeline/internal/ingestion/ingestion.go:63.2,68.16 4 0
data-processing-pipeline/internal/ingestion/ingestion.go:68.16,71.3 2 0
data-processing-pipeline/internal/ingestion/ingestion.go:73.2,73.6 1 0
data-processing-pipeline/internal/ingestion/ingestion.go:73.6,74.10 1 0
data-processing-pipeline/internal/ingestion/ingestion.go:75.21,76.10 1 0
data-processing-pipeline/internal/ingestion/ingestion.go:77.11,77.11 0 0
data-processing-pipeline/internal/ingestion/ingestion.go:80.3,81.20 2 0
data-processing-pipeline/internal/ingestion/ingestion.go:81.20,82.9 1 0
data-processing-pipeline/internal/ingestion/ingestion.go:84.3,84.17 1 0
data-processing-pipeline/internal/ingestion/ingestion.go:84.17,86.12 2 0
data-processing-pipeline/internal/ingestion/ingestion.go:89.3,90.29 2 0
data-processing-pipeline/internal/ingestion/ingestion.go:90.29,91.20 1 0
data-processing-pipeline/internal/ingestion/ingestion.go:91.20,93.5 1 0
data-processing-pipeline/internal/ingestion/ingestion.go:96.3,96.43 1 0
data-processing-pipeline/internal/ingestion/ingestion.go:100.144,104.22 3 0
data-processing-pipeline/internal/ingestion/ingestion.go:104.22,107.20 3 0
data-processing-pipeline/internal/ingestion/ingestion.go:107.20,110.4 2 0
data-processing-pipeline/internal/ingestion/ingestion.go:111.3,111.21 1 0
data-processing-pipeline/internal/ingestion/ingestion.go:112.8,112.30 1 0
data-processing-pipeline/internal/ingestion/ingestion.go:112.30,114.17 2 0
data-processing-pipeline/internal/ingestion/ingestion.go:114.17,117.4 2 0
data-processing-pipeline/internal/ingestion/ingestion.go:118.8,121.3 2 0
data-processing-pipeline/internal/ingestion/ingestion.go:122.2,128.40 4 0
data-processing-pipeline/internal/ingestion/ingestion.go:128.40,131.3 2 0
data-processing-pipeline/internal/ingestion/ingestion.go:133.2,133.21 1 0
data-processing-pipeline/internal/ingestion/ingestion.go:133.21,134.10 1 0
data-processing-pipeline/internal/ingestion/ingestion.go:135.21,136.10 1 0
data-processing-pipeline/internal/ingestion/ingestion.go:137.11,137.11 0 0
data-processing-pipeline/internal/ingestion/ingestion.go:140.3,141.46 2 0
data-processing-pipeline/internal/ingestion/ingestion.go:141.46,143.12 2 0
data-processing-pipeline/internal/ingestion/ingestion.go:145.3,145.42 1 0
data-processing-pipeline/internal/ingestion/ingestion.go:149.143,153.2 1 0
data-processing-pipeline/internal/ingestion/ingestion.go:155.81,163.2 1 0
data-processing-pipeline/internal/ingestion/json.go:11.74,13.60 2 0
data-processing-pipeline/internal/ingestion/json.go:13.60,15.3 1 0
data-processing-pipeline/internal/ingestion/json.go:17.2,17.9 1 0
data-processing-pipeline/internal/ingestion/json.go:18.20,19.24 1 0
data-processing-pipeline/internal/ingestion/json.go:20.10,21.22 1 0
data-processing-pipeline/internal/validation/validator.go:12.81,13.29 1 1
data-processing-pipeline/internal/validation/validator.go:13.29,15.14 2 1
data-processing-pipeline/internal/validation/validator.go:15.14,16.21 1 1
data-processing-pipeline/internal/validation/validator.go:16.21,18.5 1 1
data-processing-pipeline/internal/validation/validator.go:19.4,19.12 1 0
data-processing-pipeline/internal/validation/validator.go:22.3,22.30 1 1
data-processing-pipeline/internal/validation/validator.go:22.30,23.21 1 0
data-processing-pipeline/internal/validation/validator.go:23.21,25.5 1 0
data-processing-pipeline/internal/validation/validator.go:26.4,26.12 1 0
data-processing-pipeline/internal/validation/validator.go:30.3,31.20 2 1
data-processing-pipeline/internal/validation/validator.go:32.14,33.50 1 1
data-processing-pipeline/internal/validation/validator.go:33.50,35.5 1 1
data-processing-pipeline/internal/validation/validator.go:36.16,37.60 1 0
data-processing-pipeline/internal/validation/validator.go:37.60,39.5 1 0
data-processing-pipeline/internal/validation/validator.go:40.18,41.55 1 0
data-processing-pipeline/internal/validation/validator.go:41.55,43.5 1 0
data-processing-pipeline/internal/validation/validator.go:44.15,45.62 1 0
data-processing-pipeline/internal/validation/validator.go:45.62,46.65 1 0
data-processing-pipeline/internal/validation/validator.go:46.65,48.6 1 0
data-processing-pipeline/internal/validation/validator.go:52.2,52.12 1 1
data-processing-pipeline/internal/validation/validator.go:55.176,56.6 1 1
data-processing-pipeline/internal/validation/validator.go:56.6,57.10 1 1
data-processing-pipeline/internal/validation/validator.go:58.21,59.10 1 0
data-processing-pipeline/internal/validation/validator.go:60.26,61.11 1 1
data-processing-pipeline/internal/validation/validator.go:61.11,63.5 1 1
data-processing-pipeline/internal/validation/validator.go:64.4,64.54 1 1
data-processing-pipeline/internal/validation/validator.go:64.54,71.13 2 0
data-processing-pipeline/internal/validation/validator.go:73.4,73.16 1 1
data-processing-pipeline/internal/transformation/transformer.go:12.81,13.29 1 1
data-processing-pipeline/internal/transformation/transformer.go:13.29,15.28 2 1
data-processing-pipeline/internal/transformation/transformer.go:15.28,16.12 1 0
data-processing-pipeline/internal/transformation/transformer.go:19.3,22.22 3 1
data-processing-pipeline/internal/transformation/transformer.go:23.20,24.36 1 1
data-processing-pipeline/internal/transformation/transformer.go:25.20,26.36 1 0
data-processing-pipeline/internal/transformation/transformer.go:27.15,28.38 1 0
data-processing-pipeline/internal/transformation/transformer.go:29.17,30.50 1 1
data-processing-pipeline/internal/transformation/transformer.go:30.50,32.5 1 1
data-processing-pipeline/internal/transformation/transformer.go:32.10,34.5 1 1
data-processing-pipeline/internal/transformation/transformer.go:35.19,36.60 1 0
data-processing-pipeline/internal/transformation/transformer.go:36.60,38.5 1 0
data-processing-pipeline/internal/transformation/transformer.go:38.10,40.5 1 0
data-processing-pipeline/internal/transformation/transformer.go:43.3,44.19 2 1
data-processing-pipeline/internal/transformation/transformer.go:44.19,46.4 1 1
data-processing-pipeline/internal/transformation/transformer.go:47.3,47.37 1 1
data-processing-pipeline/internal/transformation/transformer.go:49.2,49.12 1 1
data-processing-pipeline/internal/transformation/transformer.go:52.179,53.6 1 1
data-processing-pipeline/internal/transformation/transformer.go:53.6,54.10 1 1
data-processing-pipeline/internal/transformation/transformer.go:55.21,56.10 1 0
data-processing-pipeline/internal/transformation/transformer.go:57.26,58.11 1 1
data-processing-pipeline/internal/transformation/transformer.go:58.11,60.5 1 1
data-processing-pipeline/internal/transformation/transformer.go:61.4,61.55 1 1
data-processing-pipeline/internal/transformation/transformer.go:61.55,68.13 2 0
data-processing-pipeline/internal/transformation/transformer.go:70.4,70.16 1 1
data-processing-pipeline/internal/storage/sqlite.go:18.36,20.2 1 0
data-processing-pipeline/internal/storage/sqlite.go:22.58,24.16 2 1
data-processing-pipeline/internal/storage/sqlite.go:24.16,26.3 1 0
data-processing-pipeline/internal/storage/sqlite.go:28.2,29.40 2 1
data-processing-pipeline/internal/storage/sqlite.go:29.40,31.3 1 0
data-processing-pipeline/internal/storage/sqlite.go:33.2,33.19 1 1
data-processing-pipeline/internal/storage/sqlite.go:36.39,68.2 3 1
data-processing-pipeline/internal/storage/sqlite.go:70.37,72.2 1 1
data-processing-pipeline/internal/storage/sqlite.go:74.77,80.16 3 1
data-processing-pipeline/internal/storage/sqlite.go:80.16,82.3 1 0
data-processing-pipeline/internal/storage/sqlite.go:85.2,90.12 2 1
data-processing-pipeline/internal/storage/sqlite.go:93.83,99.16 5 1
data-processing-pipeline/internal/storage/sqlite.go:99.16,100.27 1 1
data-processing-pipeline/internal/storage/sqlite.go:100.27,102.4 1 1
data-processing-pipeline/internal/storage/sqlite.go:103.3,103.18 1 0
data-processing-pipeline/internal/storage/sqlite.go:106.2,107.18 2 1
data-processing-pipeline/internal/storage/sqlite.go:110.76,112.16 2 1
data-processing-pipeline/internal/storage/sqlite.go:112.16,114.3 1 0
data-processing-pipeline/internal/storage/sqlite.go:115.2,118.18 3 1
data-processing-pipeline/internal/storage/sqlite.go:118.18,121.111 3 1
data-processing-pipeline/internal/storage/sqlite.go:121.111,123.4 1 0
data-processing-pipeline/internal/storage/sqlite.go:124.3,125.28 2 1
data-processing-pipeline/internal/storage/sqlite.go:127.2,127.18 1 1
data-processing-pipeline/internal/storage/sqlite.go:130.117,133.2 2 1
data-processing-pipeline/internal/storage/sqlite.go:135.85,137.22 2 1
data-processing-pipeline/internal/storage/sqlite.go:137.22,139.3 1 0
data-processing-pipeline/internal/storage/sqlite.go:140.2,144.12 2 1
data-processing-pipeline/internal/storage/sqlite.go:147.96,153.16 5 1
data-processing-pipeline/internal/storage/sqlite.go:153.16,154.27 1 0
data-processing-pipeline/internal/storage/sqlite.go:154.27,156.4 1 0
data-processing-pipeline/internal/storage/sqlite.go:157.3,157.18 1 0
data-processing-pipeline/internal/storage/sqlite.go:159.2,159.19 1 1
data-processing-pipeline/internal/storage/sqlite.go:159.19,161.3 1 0
data-processing-pipeline/internal/storage/sqlite.go:162.2,162.16 1 1
data-processing-pipeline/internal/storage/sqlite.go:165.92,171.2 2 1
data-processing-pipeline/internal/storage/sqlite.go:173.100,175.16 2 1
data-processing-pipeline/internal/storage/sqlite.go:175.16,177.3 1 0
data-processing-pipeline/internal/storage/sqlite.go:178.2,181.18 3 1
data-processing-pipeline/internal/storage/sqlite.go:181.18,183.97 2 1
data-processing-pipeline/internal/storage/sqlite.go:183.97,185.4 1 0
data-processing-pipeline/internal/storage/sqlite.go:186.3,186.38 1 1
data-processing-pipeline/internal/storage/sqlite.go:188.2,188.24 1 1
data-processing-pipeline/internal/storage/sqlite.go:191.74,193.16 2 1
data-processing-pipeline/internal/storage/sqlite.go:193.16,193.30 1 0
data-processing-pipeline/internal/storage/sqlite.go:194.2,195.16 2 1
data-processing-pipeline/internal/storage/sqlite.go:195.16,195.30 1 0
data-processing-pipeline/internal/storage/sqlite.go:196.2,197.12 2 1
